Microchip MPLAB XC8 Compiler V2.45

Linker command line:

-W-3 \
  --edf=C:\Program Files\Microchip\xc8\v2.45\pic\dat\20230818022343_en.msgs \
  -cn -h+dist/default/debug\Temperature_Control.X.debug.sym \
  --cmf=dist/default/debug\Temperature_Control.X.debug.cmf -z -Q18F4620 \
  -oC:\Users\User\AppData\Local\Temp\xcAs9o8.\driver_tmp_3.o \
  --defsym=__MPLAB_BUILD=1 --fixupoverflow=error \
  -Mdist/default/debug/Temperature_Control.X.debug.map \
  --md=C:\Users\User\AppData\Local\Temp\xcAs9o8.\driver_tmp_0.dat -E1 \
  -ver=XC8 Compiler --acfsm=1493 -ACODE=00h-0FFFFh -ACONST=00h-0FFFFh \
  -ASMALLCONST=01000h-010FFhx240 -AMEDIUMCONST=01000h-0FFFFh \
  -ACOMRAM=01h-07Fh -AABS1=00h-0F7Fh -ABIGRAM=01h-0F7Fh \
  -ARAM=080h-0FFh,0100h-01FFhx14,0F00h-0F7Fh -ABANK0=080h-0FFh \
  -ABANK1=0100h-01FFh -ABANK2=0200h-02FFh -ABANK3=0300h-03FFh \
  -ABANK4=0400h-04FFh -ABANK5=0500h-05FFh -ABANK6=0600h-06FFh \
  -ABANK7=0700h-07FFh -ABANK8=0800h-08FFh -ABANK9=0900h-09FFh \
  -ABANK10=0A00h-0AFFh -ABANK11=0B00h-0BFFh -ABANK12=0C00h-0CFFh \
  -ABANK13=0D00h-0DFFh -ABANK14=0E00h-0EFFh -ABANK15=0F00h-0F7Fh \
  -ASFR=0F80h-0FFFh -ABIGSFR=0F80h-0FFFh -ACONFIG=0300000h-030000Dh \
  -AIDLOC=0200000h-0200007h -AEEDATA=0F00000h-0F003FFh -peeprom_data=EEDATA \
  -preset_vec=00h,intcode=08h,intcodelo=018h,powerup,init -pramtop=01000h \
  -psmallconst=SMALLCONST -pmediumconst=MEDIUMCONST -pconst=CONST \
  -AFARRAM=00h-00h \
  -prdata=COMRAM,nvrram=COMRAM,nvbit=COMRAM,rbss=COMRAM,rbit=COMRAM \
  -pfarbss=FARRAM,fardata=FARRAM,nvFARRAM=FARRAM \
  -pintsave_regs=BIGRAM,bigbss=BIGRAM,bigdata=BIGRAM -pbss=RAM \
  -pidata=CODE,irdata=CODE,ibigdata=CODE,ifardata=CODE -prparam=COMRAM \
  C:\Users\User\AppData\Local\Temp\xcAs9o8.\driver_tmp_14.o \
  dist/default/debug\Temperature_Control.X.debug.o 

Object code version is 3.11

Machine type is 18F4620



                Name                               Link     Load   Length Selector   Space Scale
C:\Users\User\AppData\Local\Temp\xcAs9o8.\driver_tmp_14.o
                config                           300000   300000        E        0       4
                init                                 96       96        4        C       0
                reset_vec                             0        0        4        0       0
dist/default/debug\Temperature_Control.X.debug.o
                intcodelo                            18       18       7E        C       0
                intcode                               8        8        6        4       0
                config                           300000   300000        E        0       4
                temp                                 69       69        1        1       1
                smallconst                         1000     1000       42      800       0
                text61                             31BA     31BA        4     18D9       0
                text60                             31B6     31B6        4     18D9       0
                text59                             314E     314E       1A     1728       0
                text58                             2256     2256       C6      821       0
                text57                             319C     319C        E     1728       0
                text56                             305E     305E       2E     1728       0
                intcode_body                       1DFC     1DFC       E6      821       0
                text54                             31B2     31B2        4     18D9       0
                text53                             2186     2186       D0      821       0
                text52                             3168     3168       18     1728       0
                text51                             3030     3030       2E     1728       0
                text49                             20A6     20A6       E0      821       0
                text48                             2D88     2D88       48      821       0
                text47                             312C     312C       22     1728       0
                text46                             2FA0     2FA0       32     1728       0
                text45                             1042     1042      42C      821       0
                text44                             1CF6     1CF6      106      821       0
                text43                             29C6     29C6       74      821       0
                text42                             17F2     17F2      1B4      821       0
                text41                             19A6     19A6      126      821       0
                text40                             1BE6     1BE6      110      821       0
                text39                             2BCA     2BCA       5E      821       0
                text38                             3106     3106       26     1728       0
                text37                             2A3A     2A3A       6C      821       0
                text36                             30E0     30E0       26     1728       0
                text35                             2B6A     2B6A       60      821       0
                text34                             2CE0     2CE0       5C      821       0
                text33                             1FC4     1FC4       E2      821       0
                text32                             28B8     28B8       8A      821       0
                text31                             2F36     2F36       36     1728       0
                text30                             2C84     2C84       5C      821       0
                text29                             2B08     2B08       62      821       0
                text28                             1EE2     1EE2       E2      821       0
                text27                             318E     318E        E     1728       0
                text26                             3180     3180        E     1728       0
                text25                             2FD2     2FD2       30     1728       0
                text24                             231C     231C       C4      821       0
                text23                             23E0     23E0       B0      821       0
                text22                             2F6C     2F6C       34     1728       0
                text21                             31BE     31BE        2     18D9       0
                text20                             253E     253E       AA      821       0
                text19                             1632     1632      1C0      821       0
                text18                             2DD0     2DD0       40      821       0
                text17                             2EFE     2EFE       38     1728       0
                text16                             2D3C     2D3C       4C      821       0
                text15                             30B6     30B6       2A     1728       0
                text14                             308C     308C       2A     1728       0
                text13                             2C28     2C28       5C      821       0
                text12                             2942     2942       84      821       0
                text11                             2490     2490       AE      821       0
                text10                             2E50     2E50       3E     1728       0
                text9                              27A2     27A2       8C      821       0
                text8                              282E     282E       8A      821       0
                text7                              2714     2714       8E      821       0
                text6                              2EC6     2EC6       38     1728       0
                text5                              2E8E     2E8E       38     1728       0
                text4                              3002     3002       2E     1728       0
                text3                              1ACC     1ACC      11A      821       0
                text2                              267E     267E       96      821       0
                text1                              25E8     25E8       96      821       0
                text0                              146E     146E      1C4      821       0
                cstackCOMRAM                          1        1       3A        1       1
                cstackBANK0                          E6       E6       19       80       1
                dataBANK0                            80       80       3F       80       1
                bssBANK0                             BF       BF       27       80       1
                dataCOMRAM                           60       60        7        1       1
                bssCOMRAM                            3B       3B       25        1       1
                cinit                              2AA6     2AA6       62      821       0
                nvCOMRAM                             67       67        2        1       1
                idataBANK0                         2E10     2E10       3F      821       0
                idataCOMRAM                        31AA     31AA        7     1728       0

TOTAL           Name                               Link     Load   Length     Space
        CLASS   CODE           
                intcodelo                            18       18       7E         0
                intcode                               8        8        6         0
                init                                 96       96        4         0
                reset_vec                             0        0        4         0
                text61                             31BA     31BA        4         0
                text60                             31B6     31B6        4         0
                text59                             314E     314E       1A         0
                text58                             2256     2256       C6         0
                text57                             319C     319C        E         0
                text56                             305E     305E       2E         0
                intcode_body                       1DFC     1DFC       E6         0
                text54                             31B2     31B2        4         0
                text53                             2186     2186       D0         0
                text52                             3168     3168       18         0
                text51                             3030     3030       2E         0
                text49                             20A6     20A6       E0         0
                text48                             2D88     2D88       48         0
                text47                             312C     312C       22         0
                text46                             2FA0     2FA0       32         0
                text45                             1042     1042      42C         0
                text44                             1CF6     1CF6      106         0
                text43                             29C6     29C6       74         0
                text42                             17F2     17F2      1B4         0
                text41                             19A6     19A6      126         0
                text40                             1BE6     1BE6      110         0
                text39                             2BCA     2BCA       5E         0
                text38                             3106     3106       26         0
                text37                             2A3A     2A3A       6C         0
                text36                             30E0     30E0       26         0
                text35                             2B6A     2B6A       60         0
                text34                             2CE0     2CE0       5C         0
                text33                             1FC4     1FC4       E2         0
                text32                             28B8     28B8       8A         0
                text31                             2F36     2F36       36         0
                text30                             2C84     2C84       5C         0
                text29                             2B08     2B08       62         0
                text28                             1EE2     1EE2       E2         0
                text27                             318E     318E        E         0
                text26                             3180     3180        E         0
                text25                             2FD2     2FD2       30         0
                text24                             231C     231C       C4         0
                text23                             23E0     23E0       B0         0
                text22                             2F6C     2F6C       34         0
                text21                             31BE     31BE        2         0
                text20                             253E     253E       AA         0
                text19                             1632     1632      1C0         0
                text18                             2DD0     2DD0       40         0
                text17                             2EFE     2EFE       38         0
                text16                             2D3C     2D3C       4C         0
                text15                             30B6     30B6       2A         0
                text14                             308C     308C       2A         0
                text13                             2C28     2C28       5C         0
                text12                             2942     2942       84         0
                text11                             2490     2490       AE         0
                text10                             2E50     2E50       3E         0
                text9                              27A2     27A2       8C         0
                text8                              282E     282E       8A         0
                text7                              2714     2714       8E         0
                text6                              2EC6     2EC6       38         0
                text5                              2E8E     2E8E       38         0
                text4                              3002     3002       2E         0
                text3                              1ACC     1ACC      11A         0
                text2                              267E     267E       96         0
                text1                              25E8     25E8       96         0
                text0                              146E     146E      1C4         0
                cinit                              2AA6     2AA6       62         0
                idataBANK0                         2E10     2E10       3F         0
                idataCOMRAM                        31AA     31AA        7         0

        CLASS   CONST          

        CLASS   SMALLCONST     
                smallconst                         1000     1000       42         0

        CLASS   MEDIUMCONST    

        CLASS   COMRAM         
                temp                                 69       69        1         1
                cstackCOMRAM                          1        1       3A         1
                dataCOMRAM                           60       60        7         1
                bssCOMRAM                            3B       3B       25         1
                nvCOMRAM                             67       67        2         1

        CLASS   ABS1           

        CLASS   BIGRAM         

        CLASS   RAM            

        CLASS   BANK0          
                cstackBANK0                          E6       E6       19         1
                dataBANK0                            80       80       3F         1
                bssBANK0                             BF       BF       27         1

        CLASS   BANK1          

        CLASS   BANK2          

        CLASS   BANK3          

        CLASS   BANK4          

        CLASS   BANK5          

        CLASS   BANK6          

        CLASS   BANK7          

        CLASS   BANK8          

        CLASS   BANK9          

        CLASS   BANK10         

        CLASS   BANK11         

        CLASS   BANK12         

        CLASS   BANK13         

        CLASS   BANK14         

        CLASS   BANK15         

        CLASS   SFR            

        CLASS   BIGSFR         

        CLASS   CONFIG         
                config                           300000   300000        E         4

        CLASS   IDLOC          

        CLASS   EEDATA         

        CLASS   FARRAM         

        CLASS   HEAP           

        CLASS   STACK          



SEGMENTS        Name                           Load    Length   Top    Selector   Space  Class

                reset_vec                      000000  000004  000004         0       0  CODE    
                cstackCOMRAM                   000001  000069  00006A         1       1  COMRAM  
                intcode                        000008  000006  00000E         4       0  CODE    
                intcodelo                      000018  000082  00009A         C       0  CODE    
                dataBANK0                      000080  00007F  0000FF        80       1  BANK0   
                smallconst                     001000  000042  001042       800       0  SMALLCON
                text45                         001042  001E0D  002E4F       821       0  CODE    
                text10                         002E50  000361  0031B1      1728       0  CODE    
                text54                         0031B2  00000E  0031C0      18D9       0  CODE    


UNUSED ADDRESS RANGES

        Name                Unused          Largest block    Delta
        BANK0            0000FF-0000FF                1
        BANK1            000100-0001FF              100
        BANK10           000A00-000AFF              100
        BANK11           000B00-000BFF              100
        BANK12           000C00-000CFF              100
        BANK13           000D00-000DFF              100
        BANK14           000E00-000EFF              100
        BANK15           000F00-000F7F               80
        BANK2            000200-0002FF              100
        BANK3            000300-0003FF              100
        BANK4            000400-0004FF              100
        BANK5            000500-0005FF              100
        BANK6            000600-0006FF              100
        BANK7            000700-0007FF              100
        BANK8            000800-0008FF              100
        BANK9            000900-0009FF              100
        BIGRAM           00006A-00007F               16
                         0000FF-000F7F              E81
        BIGSFR           000F80-000FFF               80
        CODE             000004-000007                4
                         00000E-000017                A
                         00009A-000FFF              F66
                         002E4F-002E4F                1
                         0031B1-0031B1                1
                         0031C0-00FFFF             CE40
        COMRAM           00006A-00007F               16
        CONST            000004-000007                4
                         00000E-000017                A
                         00009A-000FFF              F66
                         002E4F-002E4F                1
                         0031B1-0031B1                1
                         0031C0-00FFFF             CE40
        EEDATA           F00000-F003FF              400
        IDLOC            200000-200007                8
        MEDIUMCONST      002E4F-002E4F                1
                         0031B1-0031B1                1
                         0031C0-00FFFF             CE40
        RAM              0000FF-000F7F              100
        SFR              000F80-000FFF               80
        SMALLCONST       002E4F-002E4F                1
                         0031B1-0031B1                1
                         0031C0-00FFFF              100

                                  Symbol Table

?___awdiv                               cstackCOMRAM 000017
?___awmod                               cstackCOMRAM 000017
?___flmul                               cstackCOMRAM 000025
?___fltol                               cstackCOMRAM 000031
?___lwdiv                               cstackCOMRAM 000017
?___xxtofl                              cstackCOMRAM 000017
?_abs                                   cstackCOMRAM 00001D
?_sprintf                               cstackCOMRAM 000030
?_strlen                                cstackCOMRAM 000017
?_vfprintf                              cstackCOMRAM 00002C
ADC_get_conversion_result@_adc          cstackCOMRAM 00000A
ADC_get_conversion_result@result        cstackCOMRAM 00000B
ADC_get_conversion_result@ret           cstackCOMRAM 00000F
ADC_init@_adc                           cstackCOMRAM 00001A
ADC_init@ret                            cstackCOMRAM 00001C
ADC_select_channel@_adc                 cstackCOMRAM 00001A
ADC_select_channel@channel              cstackCOMRAM 00001B
ADC_select_channel@ret                  cstackCOMRAM 00001D
ADC_start_conversion@_adc               cstackCOMRAM 000017
ADC_start_conversion@ret                cstackCOMRAM 000018
ADC_start_conversion_interrupt@_adc     cstackCOMRAM 00001E
ADC_start_conversion_interrupt@channel  cstackCOMRAM 00001F
ADC_start_conversion_interrupt@ret      cstackCOMRAM 000020
RB4_ISR@mode                            cstackCOMRAM 000001
_ADCON0bits                             (abs)        000FC2
_ADCON1bits                             (abs)        000FC1
_ADCON2bits                             (abs)        000FC0
_ADC_get_conversion_result              text53       002186
_ADC_init                               text28       001EE2
_ADC_interrupt_handler                  bssCOMRAM    000055
_ADC_select_channel                     text48       002D88
_ADC_start_conversion                   text47       00312C
_ADC_start_conversion_interrupt         text46       002FA0
_ADRESH                                 (abs)        000FC4
_ADRESL                                 (abs)        000FC3
_INT0_INTERRUPT_HANDLER                 bssCOMRAM    000053
_INT0_ISR                               text61       0031BA
_INT1_INTERRUPT_HANDLER                 bssCOMRAM    000051
_INT1_ISR                               text60       0031B6
_INT2_INTERRUPT_HANDLER                 bssCOMRAM    00004F
_INT2_ISR                               text54       0031B2
_INTCON2bits                            (abs)        000FF1
_INTCON3bits                            (abs)        000FF0
_INTCONbits                             (abs)        000FF2
_INTI_ADC_ISR                           text51       003030
_IPR1bits                               (abs)        000F9F
_InterruptManagerHigh                   intcode      000008
_InterruptManagerLow                    intcodelo    000018
_LATA                                   (abs)        000F89
_LATB                                   (abs)        000F8A
_LATC                                   (abs)        000F8B
_LATD                                   (abs)        000F8C
_LATE                                   (abs)        000F8D
_PIE1bits                               (abs)        000F9D
_PIR1bits                               (abs)        000F9E
_PORTA                                  (abs)        000F80
_PORTB                                  (abs)        000F81
_PORTBbits                              (abs)        000F81
_PORTC                                  (abs)        000F82
_PORTD                                  (abs)        000F83
_PORTE                                  (abs)        000F84
_RB4_INTERRUPT_HIGH_HANDLER             bssCOMRAM    00004D
_RB4_INTERRUPT_LOW_HANDLER              bssCOMRAM    00004B
_RB4_ISR                                text59       00314E
_RB5_INTERRUPT_HIGH_HANDLER             bssCOMRAM    000049
_RB5_INTERRUPT_LOW_HANDLER              bssCOMRAM    000047
_RB6_INTERRUPT_HIGH_HANDLER             bssCOMRAM    000045
_RB6_INTERRUPT_LOW_HANDLER              bssCOMRAM    000043
_RB7_INTERRUPT_HIGH_HANDLER             bssCOMRAM    000041
_RB7_INTERRUPT_LOW_HANDLER              bssCOMRAM    00003F
_RCONbits                               (abs)        000FD0
_TRISA                                  (abs)        000F92
_TRISB                                  (abs)        000F93
_TRISC                                  (abs)        000F94
_TRISD                                  (abs)        000F95
_TRISE                                  (abs)        000F96
__HRAM                                  (abs)        000000
__H__absolute__                         __absolute__ 000000
__Habs1                                 abs1         000000
__Hbank0                                bank0        000000
__Hbank1                                bank1        000000
__Hbank10                               bank10       000000
__Hbank11                               bank11       000000
__Hbank12                               bank12       000000
__Hbank13                               bank13       000000
__Hbank14                               bank14       000000
__Hbank15                               bank15       000000
__Hbank2                                bank2        000000
__Hbank3                                bank3        000000
__Hbank4                                bank4        000000
__Hbank5                                bank5        000000
__Hbank6                                bank6        000000
__Hbank7                                bank7        000000
__Hbank8                                bank8        000000
__Hbank9                                bank9        000000
__Hbigbss                               bigbss       000000
__Hbigdata                              bigdata      000000
__Hbigram                               bigram       000000
__Hbigsfr                               bigsfr       000000
__Hbss                                  bss          000000
__HbssBANK0                             bssBANK0     000000
__HbssCOMRAM                            bssCOMRAM    000000
__Hcinit                                cinit        000000
__Hclrtext                              clrtext      000000
__Hcomram                               comram       000000
__Hconfig                               config       30000E
__Hconst                                const        000000
__HcstackBANK0                          cstackBANK0  000000
__HcstackCOMRAM                         cstackCOMRAM 000000
__Hdata                                 data         000000
__HdataBANK0                            dataBANK0    000000
__HdataCOMRAM                           dataCOMRAM   000000
__Heeprom_data                          eeprom_data  000000
__Hfarbss                               farbss       000000
__Hfardata                              fardata      000000
__Hheap                                 heap         000000
__Hibigdata                             ibigdata     000000
__Hidata                                idata        000000
__HidataBANK0                           idataBANK0   000000
__HidataCOMRAM                          idataCOMRAM  000000
__Hidloc                                idloc        000000
__Hifardata                             ifardata     000000
__Hinit                                 init         00009A
__Hintcode                              intcode      00000E
__Hintcode_body                         intcode_body 000000
__Hintcodelo                            intcodelo    000096
__Hintentry                             intentry     000000
__Hintret                               intret       000000
__Hintsave_regs                         intsave_regs 000000
__Hirdata                               irdata       000000
__Hmediumconst                          mediumconst  000000
__HnvCOMRAM                             nvCOMRAM     000000
__HnvFARRAM                             nvFARRAM     000000
__Hnvbit                                nvbit        000000
__Hnvrram                               nvrram       000000
__Hparam                                rparam       000000
__Hpowerup                              powerup      000096
__Hram                                  ram          000000
__Hramtop                               ramtop       001000
__Hrbit                                 rbit         000000
__Hrbss                                 rbss         000000
__Hrdata                                rdata        000000
__Hreset_vec                            reset_vec    000004
__Hrparam                               rparam       000000
__Hsfr                                  sfr          000000
__Hsmallconst                           smallconst   001042
__Hspace_0                              (abs)        0031C0
__Hspace_1                              (abs)        0000FF
__Hspace_2                              (abs)        000000
__Hspace_4                              (abs)        60000E
__Hstack                                stack        000000
__Hstruct                               struct       000000
__Htemp                                 temp         00006A
__Htext                                 text         000000
__Htext0                                text0        000000
__Htext1                                text1        000000
__Htext10                               text10       000000
__Htext11                               text11       000000
__Htext12                               text12       000000
__Htext13                               text13       000000
__Htext14                               text14       000000
__Htext15                               text15       000000
__Htext16                               text16       000000
__Htext17                               text17       000000
__Htext18                               text18       000000
__Htext19                               text19       000000
__Htext2                                text2        000000
__Htext20                               text20       000000
__Htext21                               text21       000000
__Htext22                               text22       000000
__Htext23                               text23       000000
__Htext24                               text24       000000
__Htext25                               text25       000000
__Htext26                               text26       000000
__Htext27                               text27       000000
__Htext28                               text28       000000
__Htext29                               text29       000000
__Htext3                                text3        000000
__Htext30                               text30       000000
__Htext31                               text31       000000
__Htext32                               text32       000000
__Htext33                               text33       000000
__Htext34                               text34       000000
__Htext35                               text35       000000
__Htext36                               text36       000000
__Htext37                               text37       000000
__Htext38                               text38       000000
__Htext39                               text39       000000
__Htext4                                text4        000000
__Htext40                               text40       000000
__Htext41                               text41       000000
__Htext42                               text42       000000
__Htext43                               text43       000000
__Htext44                               text44       000000
__Htext45                               text45       000000
__Htext46                               text46       000000
__Htext47                               text47       000000
__Htext48                               text48       000000
__Htext49                               text49       000000
__Htext5                                text5        000000
__Htext51                               text51       000000
__Htext52                               text52       000000
__Htext53                               text53       000000
__Htext54                               text54       000000
__Htext56                               text56       000000
__Htext57                               text57       000000
__Htext58                               text58       000000
__Htext59                               text59       000000
__Htext6                                text6        000000
__Htext60                               text60       000000
__Htext61                               text61       000000
__Htext62                               text62       000000
__Htext7                                text7        000000
__Htext8                                text8        000000
__Htext9                                text9        000000
__LRAM                                  (abs)        000001
__L__absolute__                         __absolute__ 000000
__Labs1                                 abs1         000000
__Lbank0                                bank0        000000
__Lbank1                                bank1        000000
__Lbank10                               bank10       000000
__Lbank11                               bank11       000000
__Lbank12                               bank12       000000
__Lbank13                               bank13       000000
__Lbank14                               bank14       000000
__Lbank15                               bank15       000000
__Lbank2                                bank2        000000
__Lbank3                                bank3        000000
__Lbank4                                bank4        000000
__Lbank5                                bank5        000000
__Lbank6                                bank6        000000
__Lbank7                                bank7        000000
__Lbank8                                bank8        000000
__Lbank9                                bank9        000000
__Lbigbss                               bigbss       000000
__Lbigdata                              bigdata      000000
__Lbigram                               bigram       000000
__Lbigsfr                               bigsfr       000000
__Lbss                                  bss          000000
__LbssBANK0                             bssBANK0     000000
__LbssCOMRAM                            bssCOMRAM    000000
__Lcinit                                cinit        000000
__Lclrtext                              clrtext      000000
__Lcomram                               comram       000000
__Lconfig                               config       000000
__Lconst                                const        000000
__LcstackBANK0                          cstackBANK0  000000
__LcstackCOMRAM                         cstackCOMRAM 000000
__Ldata                                 data         000000
__LdataBANK0                            dataBANK0    000000
__LdataCOMRAM                           dataCOMRAM   000000
__Leeprom_data                          eeprom_data  000000
__Lfarbss                               farbss       000000
__Lfardata                              fardata      000000
__Lheap                                 heap         000000
__Libigdata                             ibigdata     000000
__Lidata                                idata        000000
__LidataBANK0                           idataBANK0   000000
__LidataCOMRAM                          idataCOMRAM  000000
__Lidloc                                idloc        000000
__Lifardata                             ifardata     000000
__Linit                                 init         000096
__Lintcode                              intcode      000008
__Lintcode_body                         intcode_body 000000
__Lintcodelo                            intcodelo    000018
__Lintentry                             intentry     000000
__Lintret                               intret       000000
__Lintsave_regs                         intsave_regs 000000
__Lirdata                               irdata       000000
__Lmediumconst                          mediumconst  000000
__LnvCOMRAM                             nvCOMRAM     000000
__LnvFARRAM                             nvFARRAM     000000
__Lnvbit                                nvbit        000000
__Lnvrram                               nvrram       000000
__Lparam                                rparam       000000
__Lpowerup                              powerup      000096
__Lram                                  ram          000000
__Lramtop                               ramtop       001000
__Lrbit                                 rbit         000000
__Lrbss                                 rbss         000000
__Lrdata                                rdata        000000
__Lreset_vec                            reset_vec    000000
__Lrparam                               rparam       000000
__Lsfr                                  sfr          000000
__Lsmallconst                           smallconst   001000
__Lspace_0                              (abs)        000000
__Lspace_1                              (abs)        000000
__Lspace_2                              (abs)        000000
__Lspace_4                              (abs)        000000
__Lstack                                stack        000000
__Lstruct                               struct       000000
__Ltemp                                 temp         000069
__Ltext                                 text         000000
__Ltext0                                text0        000000
__Ltext1                                text1        000000
__Ltext10                               text10       000000
__Ltext11                               text11       000000
__Ltext12                               text12       000000
__Ltext13                               text13       000000
__Ltext14                               text14       000000
__Ltext15                               text15       000000
__Ltext16                               text16       000000
__Ltext17                               text17       000000
__Ltext18                               text18       000000
__Ltext19                               text19       000000
__Ltext2                                text2        000000
__Ltext20                               text20       000000
__Ltext21                               text21       000000
__Ltext22                               text22       000000
__Ltext23                               text23       000000
__Ltext24                               text24       000000
__Ltext25                               text25       000000
__Ltext26                               text26       000000
__Ltext27                               text27       000000
__Ltext28                               text28       000000
__Ltext29                               text29       000000
__Ltext3                                text3        000000
__Ltext30                               text30       000000
__Ltext31                               text31       000000
__Ltext32                               text32       000000
__Ltext33                               text33       000000
__Ltext34                               text34       000000
__Ltext35                               text35       000000
__Ltext36                               text36       000000
__Ltext37                               text37       000000
__Ltext38                               text38       000000
__Ltext39                               text39       000000
__Ltext4                                text4        000000
__Ltext40                               text40       000000
__Ltext41                               text41       000000
__Ltext42                               text42       000000
__Ltext43                               text43       000000
__Ltext44                               text44       000000
__Ltext45                               text45       000000
__Ltext46                               text46       000000
__Ltext47                               text47       000000
__Ltext48                               text48       000000
__Ltext49                               text49       000000
__Ltext5                                text5        000000
__Ltext51                               text51       000000
__Ltext52                               text52       000000
__Ltext53                               text53       000000
__Ltext54                               text54       000000
__Ltext56                               text56       000000
__Ltext57                               text57       000000
__Ltext58                               text58       000000
__Ltext59                               text59       000000
__Ltext6                                text6        000000
__Ltext60                               text60       000000
__Ltext61                               text61       000000
__Ltext62                               text62       000000
__Ltext7                                text7        000000
__Ltext8                                text8        000000
__Ltext9                                text9        000000
__S0                                    (abs)        0031C0
__S1                                    (abs)        0000FF
__S4                                    (abs)        000000
__S5                                    (abs)        000000
___awdiv                                text24       00231C
___awdiv@counter                        cstackCOMRAM 00001B
___awdiv@dividend                       cstackCOMRAM 000017
___awdiv@divisor                        cstackCOMRAM 000019
___awdiv@quotient                       cstackCOMRAM 00001D
___awdiv@sign                           cstackCOMRAM 00001C
___awmod                                text23       0023E0
___awmod@counter                        cstackCOMRAM 00001B
___awmod@dividend                       cstackCOMRAM 000017
___awmod@divisor                        cstackCOMRAM 000019
___awmod@sign                           cstackCOMRAM 00001C
___flmul                                text45       001042
___flmul@a                              cstackCOMRAM 000029
___flmul@aexp                           cstackBANK0  0000E7
___flmul@b                              cstackCOMRAM 000025
___flmul@bexp                           cstackBANK0  0000EC
___flmul@grs                            cstackBANK0  0000E8
___flmul@prod                           cstackBANK0  0000ED
___flmul@sign                           cstackBANK0  0000E6
___flmul@temp                           cstackBANK0  0000F1
___fltol                                text44       001CF6
___fltol@exp1                           cstackCOMRAM 00003A
___fltol@f1                             cstackCOMRAM 000031
___fltol@sign1                          cstackCOMRAM 000039
___heap_hi                              (abs)        000000
___heap_lo                              (abs)        000000
___inthi_sp                             stack        000000
___inthi_stack_hi                       stack        000000
___inthi_stack_lo                       stack        000000
___intlo_sp                             stack        000000
___intlo_stack_hi                       stack        000000
___intlo_stack_lo                       stack        000000
___lwdiv                                text43       0029C6
___lwdiv@counter                        cstackCOMRAM 00001D
___lwdiv@dividend                       cstackCOMRAM 000017
___lwdiv@divisor                        cstackCOMRAM 000019
___lwdiv@quotient                       cstackCOMRAM 00001B
___param_bank                           (abs)        000000
___rparam_used                          (abs)        000001
___sp                                   stack        000000
___stack_hi                             stack        000000
___stack_lo                             stack        000000
___xxtofl                               text42       0017F2
___xxtofl@arg                           cstackCOMRAM 000021
___xxtofl@exp                           cstackCOMRAM 000020
___xxtofl@sign                          cstackCOMRAM 00001F
___xxtofl@val                           cstackCOMRAM 000017
__accesstop                             (abs)        000080
__activetblptr                          (abs)        000003
__end_of_ADC_get_conversion_result      text53       002256
__end_of_ADC_init                       text28       001FC4
__end_of_ADC_select_channel             text48       002DD0
__end_of_ADC_start_conversion           text47       00314E
__end_of_ADC_start_conversion_interrupt text46       002FD2
__end_of_INT0_ISR                       text61       0031BE
__end_of_INT1_ISR                       text60       0031BA
__end_of_INT2_ISR                       text54       0031B6
__end_of_INTI_ADC_ISR                   text51       00305E
__end_of_InterruptManagerHigh           intcode_body 001EE2
__end_of_InterruptManagerLow            intcodelo    000096
__end_of_RB4_ISR                        text59       003168
__end_of___awdiv                        text24       0023E0
__end_of___awmod                        text23       002490
__end_of___flmul                        text45       00146E
__end_of___fltol                        text44       001DFC
__end_of___lwdiv                        text43       002A3A
__end_of___xxtofl                       text42       0019A6
__end_of__initialization                cinit        002AFE
__end_of_abs                            text22       002FA0
__end_of_adc_input_channel_port_cfg     text49       002186
__end_of_adc_interrupt_handler          text52       003180
__end_of_adc_set_result_format          text30       002CE0
__end_of_adc_set_voltage_ref            text29       002B6A
__end_of_application_initialize         text26       00318E
__end_of_buzzer_init                    text38       00312C
__end_of_buzzer_turn_off                text15       0030E0
__end_of_buzzer_turn_on                 text14       0030B6
__end_of_convert_uint16_to_string       text16       002D88
__end_of_danger_msg                     text7        0027A2
__end_of_dc_motor_init                  text37       002AA6
__end_of_dc_motor_move_CW               text6        002EFE
__end_of_dc_motor_stop                  text5        002EC6
__end_of_ecu_layer_intialize            text31       002F6C
__end_of_fputc                          text20       0025E8
__end_of_gpio_pin_direction_init        text41       001ACC
__end_of_gpio_pin_initialize            text39       002C28
__end_of_gpio_pin_toggle_logic          text9        00282E
__end_of_gpio_pin_write_logic           text40       001CF6
__end_of_intro_msg                      text3        001BE6
__end_of_lcd_4bit_initialize            text33       0020A6
__end_of_lcd_4bit_send_char_data        text13       002C84
__end_of_lcd_4bit_send_command          text34       002D3C
__end_of_lcd_4bit_send_enable_signal    text36       003106
__end_of_lcd_4bit_send_string           text12       0029C6
__end_of_lcd_4bit_send_string_pos       text10       002E8E
__end_of_lcd_4bit_set_cursor            text11       00253E
__end_of_lcd_send_4bits                 text35       002BCA
__end_of_led_TOGGLE                     text8        0028B8
__end_of_led_init                       text32       002942
__end_of_led_turn_OFF                   text2        002714
__end_of_led_turn_ON                    text1        00267E
__end_of_main                           text0        001632
__end_of_mcal_layer_intialize           text27       00319C
__end_of_memset                         text25       003002
__end_of_putch                          text21       0031C0
__end_of_sprintf                        text17       002F36
__end_of_strlen                         text4        003030
__end_of_vfpfcnvrt                      text19       0017F2
__end_of_vfprintf                       text18       002E10
__end_ofi2_ADC_get_conversion_result    text58       00231C
__end_ofi2_INTI_ADC_ISR                 text56       00308C
__end_ofi2_adc_interrupt_handler        text57       0031AA
__initialization                        cinit        002AA6
__mediumconst                           mediumconst  000000
__pbssBANK0                             bssBANK0     0000BF
__pbssCOMRAM                            bssCOMRAM    00003B
__pcinit                                cinit        002AA6
__pcstackBANK0                          cstackBANK0  0000E6
__pcstackCOMRAM                         cstackCOMRAM 000001
__pdataBANK0                            dataBANK0    000080
__pdataCOMRAM                           dataCOMRAM   000060
__pidataBANK0                           idataBANK0   002E10
__pidataCOMRAM                          idataCOMRAM  0031AA
__pintcode                              intcode      000008
__pintcode_body                         intcode_body 001DFC
__pintcodelo                            intcodelo    000018
__pnvCOMRAM                             nvCOMRAM     000067
__psmallconst                           smallconst   001000
__ptext0                                text0        00146E
__ptext1                                text1        0025E8
__ptext10                               text10       002E50
__ptext11                               text11       002490
__ptext12                               text12       002942
__ptext13                               text13       002C28
__ptext14                               text14       00308C
__ptext15                               text15       0030B6
__ptext16                               text16       002D3C
__ptext17                               text17       002EFE
__ptext18                               text18       002DD0
__ptext19                               text19       001632
__ptext2                                text2        00267E
__ptext20                               text20       00253E
__ptext21                               text21       0031BE
__ptext22                               text22       002F6C
__ptext23                               text23       0023E0
__ptext24                               text24       00231C
__ptext25                               text25       002FD2
__ptext26                               text26       003180
__ptext27                               text27       00318E
__ptext28                               text28       001EE2
__ptext29                               text29       002B08
__ptext3                                text3        001ACC
__ptext30                               text30       002C84
__ptext31                               text31       002F36
__ptext32                               text32       0028B8
__ptext33                               text33       001FC4
__ptext34                               text34       002CE0
__ptext35                               text35       002B6A
__ptext36                               text36       0030E0
__ptext37                               text37       002A3A
__ptext38                               text38       003106
__ptext39                               text39       002BCA
__ptext4                                text4        003002
__ptext40                               text40       001BE6
__ptext41                               text41       0019A6
__ptext42                               text42       0017F2
__ptext43                               text43       0029C6
__ptext44                               text44       001CF6
__ptext45                               text45       001042
__ptext46                               text46       002FA0
__ptext47                               text47       00312C
__ptext48                               text48       002D88
__ptext49                               text49       0020A6
__ptext5                                text5        002E8E
__ptext51                               text51       003030
__ptext52                               text52       003168
__ptext53                               text53       002186
__ptext54                               text54       0031B2
__ptext56                               text56       00305E
__ptext57                               text57       00319C
__ptext58                               text58       002256
__ptext59                               text59       00314E
__ptext6                                text6        002EC6
__ptext60                               text60       0031B6
__ptext61                               text61       0031BA
__ptext62                               text62       000000
__ptext7                                text7        002714
__ptext8                                text8        00282E
__ptext9                                text9        0027A2
__ramtop                                ramtop       001000
__smallconst                            smallconst   001000
_abs                                    text22       002F6C
_adc                                    dataBANK0    0000B2
_adc_input_channel_port_cfg             text49       0020A6
_adc_interrupt_handler                  text52       003168
_adc_interrupt_handler$intlevel1        text52       003172
_adc_res                                bssCOMRAM    00005E
_adc_res_txt                            bssBANK0     0000DF
_adc_set_result_format                  text30       002C84
_adc_set_voltage_ref                    text29       002B08
_application_initialize                 text26       003180
_buzzer                                 dataCOMRAM   000064
_buzzer_init                            text38       003106
_buzzer_turn_off                        text15       0030B6
_buzzer_turn_on                         text14       00308C
_convert_uint16_to_string               text16       002D3C
_danger_msg                             text7        002714
_dbuf                                   bssBANK0     0000BF
_dc_motor_init                          text37       002A3A
_dc_motor_move_CW                       text6        002EC6
_dc_motor_stop                          text5        002E8E
_ecu_layer_intialize                    text31       002F36
_flags                                  bssCOMRAM    000057
_fputc                                  text20       00253E
_gpio_pin_direction_init                text41       0019A6
_gpio_pin_initialize                    text39       002BCA
_gpio_pin_toggle_logic                  text9        0027A2
_gpio_pin_write_logic                   text40       001BE6
_green_led                              dataCOMRAM   000066
_intro_msg                              text3        001ACC
_lat_registers                          dataBANK0    000096
_lcd_4bit_initialize                    text33       001FC4
_lcd_4bit_send_char_data                text13       002C28
_lcd_4bit_send_command                  text34       002CE0
_lcd_4bit_send_enable_signal            text36       0030E0
_lcd_4bit_send_string                   text12       002942
_lcd_4bit_send_string_pos               text10       002E50
_lcd_4bit_set_cursor                    text11       002490
_lcd_4bits                              dataBANK0    0000B9
_lcd_send_4bits                         text35       002B6A
_led_TOGGLE                             text8        00282E
_led_init                               text32       0028B8
_led_turn_OFF                           text2        00267E
_led_turn_ON                            text1        0025E8
_main                                   text0        00146E
_mcal_layer_intialize                   text27       00318E
_memset                                 text25       002FD2
_motor_1                                dataCOMRAM   000062
_motor_2                                dataCOMRAM   000060
_port_registers                         dataBANK0    00008C
_prec                                   bssCOMRAM    00003D
_putch                                  text21       0031BE
_red_led                                dataCOMRAM   000065
_sprintf                                text17       002EFE
_strlen                                 text4        003002
_sys_on_flag                            bssCOMRAM    00005D
_temp                                   nvCOMRAM     000067
_tris_registers                         dataBANK0    0000A0
_vfpfcnvrt                              text19       001632
_vfprintf                               text18       002DD0
_width                                  bssCOMRAM    00003B
abs@a                                   cstackCOMRAM 00001D
adc_input_channel_port_cfg@_adc         cstackCOMRAM 000017
adc_set_result_format@_adc              cstackCOMRAM 000017
adc_set_voltage_ref@_adc                cstackCOMRAM 000017
application_initialize@ret              cstackCOMRAM 00002E
btemp                                   temp         000069
buzzer_init@_buzzer                     cstackCOMRAM 000022
buzzer_init@ret                         cstackCOMRAM 000023
buzzer_turn_off@_buzzer                 cstackCOMRAM 00001F
buzzer_turn_off@ret                     cstackCOMRAM 000020
buzzer_turn_on@_buzzer                  cstackCOMRAM 00001F
buzzer_turn_on@ret                      cstackCOMRAM 000020
convert_uint16_to_string@ret            cstackCOMRAM 000039
convert_uint16_to_string@str            cstackCOMRAM 000038
convert_uint16_to_string@value          cstackCOMRAM 000036
danger_msg@ret                          cstackCOMRAM 000037
dc_motor_init@_dc_motor                 cstackCOMRAM 000022
dc_motor_init@ret                       cstackCOMRAM 000024
dc_motor_move_CW@_dc_motor              cstackCOMRAM 00001F
dc_motor_move_CW@ret                    cstackCOMRAM 000020
dc_motor_stop@_dc_motor                 cstackCOMRAM 00001F
dc_motor_stop@ret                       cstackCOMRAM 000020
ecu_layer_intialize@ret                 cstackCOMRAM 00002D
end_of_initialization                   cinit        002AFE
fputc@c                                 cstackCOMRAM 000017
fputc@fp                                cstackCOMRAM 000019
gpio_pin_direction_init@_pin_config     cstackCOMRAM 000017
gpio_pin_direction_init@ret             cstackCOMRAM 00001D
gpio_pin_initialize@_pin_config         cstackCOMRAM 00001F
gpio_pin_initialize@ret                 cstackCOMRAM 000021
gpio_pin_toggle_logic@_pin_config       cstackCOMRAM 000017
gpio_pin_toggle_logic@ret               cstackCOMRAM 00001C
gpio_pin_write_logic@_pin_config        cstackCOMRAM 000017
gpio_pin_write_logic@logic              cstackCOMRAM 000018
gpio_pin_write_logic@ret                cstackCOMRAM 00001E
i2ADC_get_conversion_result@_adc        cstackCOMRAM 000001
i2ADC_get_conversion_result@result      cstackCOMRAM 000002
i2_ADC_get_conversion_result            text58       002256
i2_INTI_ADC_ISR                         text56       00305E
i2_adc_interrupt_handler                text57       00319C
int$flags                               temp         000069
int_func                                intcode_body 001DFC
intlevel0                               text         000000
intlevel1                               text         000000
intlevel2                               text         000000
intlevel3                               text         000000
intro_msg@F3259                         dataBANK0    000080
intro_msg@F3262                         dataBANK0    0000AA
intro_msg@control_txt                   cstackBANK0  0000F2
intro_msg@l_counter                     cstackBANK0  0000FA
intro_msg@l_counter_258                 cstackBANK0  0000FB
intro_msg@ret                           cstackBANK0  0000FC
intro_msg@temp_txt                      cstackBANK0  0000E6
isa$std                                 (abs)        000001
isa$xinst                               (abs)        000000
lcd_4bit_initialize@_lcd                cstackCOMRAM 000029
lcd_4bit_initialize@l_data_pins_counter cstackCOMRAM 00002B
lcd_4bit_initialize@ret                 cstackCOMRAM 00002C
lcd_4bit_send_char_data@_lcd            cstackCOMRAM 000026
lcd_4bit_send_char_data@data            cstackCOMRAM 000027
lcd_4bit_send_char_data@ret             cstackCOMRAM 000028
lcd_4bit_send_command@_lcd              cstackCOMRAM 000026
lcd_4bit_send_command@command           cstackCOMRAM 000027
lcd_4bit_send_command@ret               cstackCOMRAM 000028
lcd_4bit_send_enable_signal@_lcd        cstackCOMRAM 00001F
lcd_4bit_send_enable_signal@ret         cstackCOMRAM 000020
lcd_4bit_send_string@_lcd               cstackCOMRAM 000029
lcd_4bit_send_string@ret                cstackCOMRAM 00002C
lcd_4bit_send_string@str                cstackCOMRAM 00002A
lcd_4bit_send_string_pos@_lcd           cstackCOMRAM 00002F
lcd_4bit_send_string_pos@column         cstackCOMRAM 000031
lcd_4bit_send_string_pos@ret            cstackCOMRAM 000034
lcd_4bit_send_string_pos@row            cstackCOMRAM 000030
lcd_4bit_send_string_pos@str            cstackCOMRAM 000032
lcd_4bit_set_cursor@_lcd                cstackCOMRAM 000029
lcd_4bit_set_cursor@column              cstackCOMRAM 00002B
lcd_4bit_set_cursor@ret                 cstackCOMRAM 00002E
lcd_4bit_set_cursor@row                 cstackCOMRAM 00002A
lcd_send_4bits@_lcd                     cstackCOMRAM 00001F
lcd_send_4bits@data_command             cstackCOMRAM 000020
lcd_send_4bits@ret                      cstackCOMRAM 000025
lcd_send_4bits@ret_0                    cstackCOMRAM 000021
lcd_send_4bits@ret_1                    cstackCOMRAM 000022
lcd_send_4bits@ret_2                    cstackCOMRAM 000023
lcd_send_4bits@ret_3                    cstackCOMRAM 000024
led_STATUS@F3082                        bssCOMRAM    000058
led_TOGGLE@F3076                        bssCOMRAM    000059
led_TOGGLE@led                          cstackCOMRAM 00001D
led_TOGGLE@led_pin_config               cstackCOMRAM 000020
led_TOGGLE@ret                          cstackCOMRAM 00001F
led_init@F3061                          bssCOMRAM    00005C
led_init@led                            cstackCOMRAM 000022
led_init@led_pin_config                 cstackCOMRAM 000025
led_init@ret                            cstackCOMRAM 000024
led_turn_OFF@F3071                      bssCOMRAM    00005A
led_turn_OFF@led                        cstackCOMRAM 000022
led_turn_OFF@led_pin_config             cstackCOMRAM 000025
led_turn_OFF@ret                        cstackCOMRAM 000024
led_turn_ON@F3066                       bssCOMRAM    00005B
led_turn_ON@led                         cstackCOMRAM 000022
led_turn_ON@led_pin_config              cstackCOMRAM 000025
led_turn_ON@ret                         cstackCOMRAM 000024
mcal_layer_intialize@ret                cstackCOMRAM 00001D
memset@c                                cstackCOMRAM 000018
memset@dest                             cstackCOMRAM 000017
memset@n                                cstackCOMRAM 00001A
memset@p                                cstackCOMRAM 00001C
sprintf@ap                              cstackBANK0  0000E6
sprintf@f                               cstackBANK0  0000E7
sprintf@fmt                             cstackCOMRAM 000031
sprintf@s                               cstackCOMRAM 000030
stackhi                                 (abs)        000000
stacklo                                 (abs)        000000
start                                   init         000096
start_initialization                    cinit        002AA6
strlen@a                                cstackCOMRAM 000019
strlen@s                                cstackCOMRAM 000017
ttemp5                                  temp         00006A
ttemp6                                  temp         00006D
ttemp7                                  temp         000071
vfpfcnvrt@ap                            cstackCOMRAM 000023
vfpfcnvrt@c                             cstackCOMRAM 00002B
vfpfcnvrt@convarg                       cstackCOMRAM 000027
vfpfcnvrt@cp                            cstackCOMRAM 000026
vfpfcnvrt@done                          cstackCOMRAM 000025
vfpfcnvrt@fmt                           cstackCOMRAM 000022
vfpfcnvrt@fp                            cstackCOMRAM 000021
vfprintf@ap                             cstackCOMRAM 00002E
vfprintf@cfmt                           cstackCOMRAM 00002F
vfprintf@fmt                            cstackCOMRAM 00002D
vfprintf@fp                             cstackCOMRAM 00002C
wtemp8                                  temp         00006A


MODULE INFORMATION

Module		Function		Class		Link	Load	Size
ECUAL/LCD/lcd.c
		_lcd_4bit_send_command		CODE           	2CE0	0000	92
		_lcd_4bit_send_string_pos		CODE           	2E50	0000	62
		_lcd_4bit_send_char_data		CODE           	2C28	0000	92
		_lcd_send_4bits		CODE           	2B6A	0000	96
		_convert_uint16_to_string		CODE           	2D3C	0000	76
		_lcd_4bit_set_cursor		CODE           	2490	0000	174
		_lcd_4bit_send_enable_signal		CODE           	30E0	0000	38
		_lcd_4bit_initialize		CODE           	1FC4	0000	226
		_lcd_4bit_send_string		CODE           	2942	0000	132

ECUAL/LCD/lcd.c estimated size: 988

ECUAL/DC_Motor/dc_motor.c
		_dc_motor_move_CW		CODE           	2EC6	0000	56
		_dc_motor_init 		CODE           	2A3A	0000	108
		_dc_motor_stop 		CODE           	2E8E	0000	56

ECUAL/DC_Motor/dc_motor.c estimated size: 220

ECUAL/ecu_layer_init.c
		_ecu_layer_intialize		CODE           	2F36	0000	54

ECUAL/ecu_layer_init.c estimated size: 54

APP/application.c
		_intro_msg     		CODE           	1ACC	0000	282
		_application_initialize		CODE           	3180	0000	14
		_main          		CODE           	146E	0000	452
		_adc_interrupt_handler		CODE           	3168	0000	24
		_danger_msg    		CODE           	2714	0000	142

APP/application.c estimated size: 914

MCAL/mcal_layer_init.c
		_mcal_layer_intialize		CODE           	318E	0000	14

MCAL/mcal_layer_init.c estimated size: 14

MCAL/GPIO/gpio.c
		_gpio_pin_write_logic		CODE           	1BE6	0000	272
		_gpio_pin_direction_init		CODE           	19A6	0000	294
		_gpio_pin_toggle_logic		CODE           	27A2	0000	140
		_gpio_pin_initialize		CODE           	2BCA	0000	94

MCAL/GPIO/gpio.c estimated size: 800

C:\Program Files\Microchip\xc8\v2.45\pic\sources\c99\common\sprcmul.c
		___flmul       		CODE           	1042	0000	1068

C:\Program Files\Microchip\xc8\v2.45\pic\sources\c99\common\sprcmul.c estimated size: 1068

C:\Program Files\Microchip\xc8\v2.45\pic\sources\c99\common\nf_sprintf.c
		_sprintf       		CODE           	2EFE	0000	56

C:\Program Files\Microchip\xc8\v2.45\pic\sources\c99\common\nf_sprintf.c estimated size: 56

C:\Program Files\Microchip\xc8\v2.45\pic\sources\c99\common\awmod.c
		___awmod       		CODE           	23E0	0000	176

C:\Program Files\Microchip\xc8\v2.45\pic\sources\c99\common\awmod.c estimated size: 176

MCAL/ADC/hal_adc.c
		_ADC_start_conversion_interrupt		CODE           	2FA0	0000	50
		_adc_input_channel_port_cfg		CODE           	20A6	0000	224
		_ADC_init      		CODE           	1EE2	0000	226
		_ADC_get_conversion_result		CODE           	2186	0000	208
		_ADC_start_conversion		CODE           	312C	0000	34
		_ADC_select_channel		CODE           	2D88	0000	72
		_adc_set_result_format		CODE           	2C84	0000	92
		_adc_set_voltage_ref		CODE           	2B08	0000	98
		_INTI_ADC_ISR  		CODE           	3030	0000	46

MCAL/ADC/hal_adc.c estimated size: 1050

C:\Program Files\Microchip\xc8\v2.45\pic\sources\c99\common\putch.c
		_putch         		CODE           	31BE	0000	2

C:\Program Files\Microchip\xc8\v2.45\pic\sources\c99\common\putch.c estimated size: 2

shared
		i2_ADC_get_conversion_result		CODE           	2256	0000	198
		__initialization		CODE           	2AA6	0000	88
		i2_INTI_ADC_ISR		CODE           	305E	0000	46
		i2_adc_interrupt_handler		CODE           	319C	0000	14

shared estimated size: 346

C:\Program Files\Microchip\xc8\v2.45\pic\sources\c99\common\xxtofl.c
		___xxtofl      		CODE           	17F2	0000	436

C:\Program Files\Microchip\xc8\v2.45\pic\sources\c99\common\xxtofl.c estimated size: 436

C:\Program Files\Microchip\xc8\v2.45\pic\sources\c99\common\abs.c
		_abs           		CODE           	2F6C	0000	52

C:\Program Files\Microchip\xc8\v2.45\pic\sources\c99\common\abs.c estimated size: 52

C:\Program Files\Microchip\xc8\v2.45\pic\sources\c99\common\strlen.c
		_strlen        		CODE           	3002	0000	46

C:\Program Files\Microchip\xc8\v2.45\pic\sources\c99\common\strlen.c estimated size: 46

MCAL/Interrupt/MCAL_interrupt_manager.c
		_InterruptManagerLow		CODE           	0018	0000	126
		_InterruptManagerHigh		CODE           	0008	0000	236

MCAL/Interrupt/MCAL_interrupt_manager.c estimated size: 362

C:\Program Files\Microchip\xc8\v2.45\pic\sources\c99\common\memset.c
		_memset        		CODE           	2FD2	0000	48

C:\Program Files\Microchip\xc8\v2.45\pic\sources\c99\common\memset.c estimated size: 48

MCAL/Interrupt/EXT_interrupts/MCAL_EXTI.c
		_RB4_ISR       		CODE           	314E	0000	26
		_INT0_ISR      		CODE           	31BA	0000	4
		_INT1_ISR      		CODE           	31B6	0000	4
		_INT2_ISR      		CODE           	31B2	0000	4

MCAL/Interrupt/EXT_interrupts/MCAL_EXTI.c estimated size: 38

ECUAL/LED/LED.c
		_led_init      		CODE           	28B8	0000	138
		_led_TOGGLE    		CODE           	282E	0000	138
		_led_turn_ON   		CODE           	25E8	0000	150
		_led_turn_OFF  		CODE           	267E	0000	150

ECUAL/LED/LED.c estimated size: 576

C:\Program Files\Microchip\xc8\v2.45\pic\sources\c99\common\nf_fputc.c
		_fputc         		CODE           	253E	0000	170

C:\Program Files\Microchip\xc8\v2.45\pic\sources\c99\common\nf_fputc.c estimated size: 170

C:\Program Files\Microchip\xc8\v2.45\pic\sources\c99\common\doprnt.c
		_vfpfcnvrt     		CODE           	1632	0000	448
		_vfprintf      		CODE           	2DD0	0000	64

C:\Program Files\Microchip\xc8\v2.45\pic\sources\c99\common\doprnt.c estimated size: 512

C:\Program Files\Microchip\xc8\v2.45\pic\sources\c99\common\lwdiv.c
		___lwdiv       		CODE           	29C6	0000	116

C:\Program Files\Microchip\xc8\v2.45\pic\sources\c99\common\lwdiv.c estimated size: 116

C:\Program Files\Microchip\xc8\v2.45\pic\sources\c99\common\awdiv.c
		___awdiv       		CODE           	231C	0000	196

C:\Program Files\Microchip\xc8\v2.45\pic\sources\c99\common\awdiv.c estimated size: 196

ECUAL/BUZZER/buzzer.c
		_buzzer_init   		CODE           	3106	0000	38
		_buzzer_turn_on		CODE           	308C	0000	42
		_buzzer_turn_off		CODE           	30B6	0000	42

ECUAL/BUZZER/buzzer.c estimated size: 122

C:\Program Files\Microchip\xc8\v2.45\pic\sources\c99\common\fltol.c
		___fltol       		CODE           	1CF6	0000	262

C:\Program Files\Microchip\xc8\v2.45\pic\sources\c99\common\fltol.c estimated size: 262

